2026-10-01 10:45:42.923 [INFO] [IOC_Hardware] Starting EPICS Hardware IOC Server with Dual Logging...
2026-10-01 10:45:42.923 [INFO] [IOC_Hardware] Log file destination: logs\ioc_hardware_20261001_104542.log
2026-10-01 10:46:18.054 [INFO] [IOC_Hardware] Starting DAQ Sequence...
2026-10-01 10:46:18.055 [INFO] [IOC_Hardware] [ARMED] Pre-allocating zero-copy RAM buffers...
2026-10-01 10:46:18.565 [INFO] [IOC_Hardware] [ACQUIRING] Pulse trigger & frame capture (DG645: REAL, Camera: SIMULATED)...
2026-10-01 10:46:19.578 [INFO] [IOC_Hardware] [SAVING] Persisting data for file 'exp_run' shot #0...
2026-10-01 10:46:20.086 [INFO] [IOC_Hardware] [COMPLETE] Sequence completed successfully. New ShotNumber: 1
2026-10-01 10:47:02.133 [INFO] [IOC_Hardware] Starting DAQ Sequence...
2026-10-01 10:47:02.133 [INFO] [IOC_Hardware] [ARMED] Pre-allocating zero-copy RAM buffers...
2026-10-01 10:47:02.637 [INFO] [IOC_Hardware] [ACQUIRING] Pulse trigger & frame capture (DG645: REAL, Camera: SIMULATED)...
2026-10-01 10:47:03.645 [INFO] [IOC_Hardware] [SAVING] Persisting data for file 'exp_run' shot #1...
2026-10-01 10:47:04.150 [INFO] [IOC_Hardware] [COMPLETE] Sequence completed successfully. New ShotNumber: 2
2026-10-01 10:55:54.482 [INFO] [IOC_Hardware] Starting DAQ Sequence...
2026-10-01 10:55:54.484 [INFO] [IOC_Hardware] [ARMED] Pre-allocating zero-copy RAM buffers...
2026-10-01 10:55:54.992 [INFO] [IOC_Hardware] [ACQUIRING] Pulse trigger & frame capture (DG645: REAL, Camera: SIMULATED)...
2026-10-01 10:55:56.001 [INFO] [IOC_Hardware] [SAVING] Persisting data for file 'exp_run' shot #2...
2026-10-01 10:55:56.511 [INFO] [IOC_Hardware] [COMPLETE] Sequence completed successfully. New ShotNumber: 3
2026-10-01 10:56:01.268 [INFO] [IOC_Hardware] Starting DAQ Sequence...
2026-10-01 10:56:01.269 [INFO] [IOC_Hardware] [ARMED] Pre-allocating zero-copy RAM buffers...
2026-10-01 10:56:01.779 [INFO] [IOC_Hardware] [ACQUIRING] Pulse trigger & frame capture (DG645: REAL, Camera: SIMULATED)...
2026-10-01 10:56:02.783 [INFO] [IOC_Hardware] [SAVING] Persisting data for file 'exp_run' shot #3...
2026-10-01 10:56:03.301 [INFO] [IOC_Hardware] [COMPLETE] Sequence completed successfully. New ShotNumber: 4
2026-10-01 10:56:07.460 [INFO] [IOC_Hardware] Starting DAQ Sequence...
2026-10-01 10:56:07.461 [INFO] [IOC_Hardware] [ARMED] Pre-allocating zero-copy RAM buffers...
2026-10-01 10:56:07.973 [INFO] [IOC_Hardware] [ACQUIRING] Pulse trigger & frame capture (DG645: REAL, Camera: SIMULATED)...
2026-10-01 10:56:08.976 [INFO] [IOC_Hardware] [SAVING] Persisting data for file 'exp_run' shot #4...
2026-10-01 10:56:09.483 [INFO] [IOC_Hardware] [COMPLETE] Sequence completed successfully. New ShotNumber: 5
2026-10-01 10:56:16.112 [INFO] [IOC_Hardware] Starting DAQ Sequence...
2026-10-01 10:56:16.114 [INFO] [IOC_Hardware] [ARMED] Pre-allocating zero-copy RAM buffers...
2026-10-01 10:56:16.615 [INFO] [IOC_Hardware] [ACQUIRING] Pulse trigger & frame capture (DG645: REAL, Camera: SIMULATED)...
2026-10-01 10:56:17.628 [INFO] [IOC_Hardware] [SAVING] Persisting data for file 'exp_run' shot #5...
2026-10-01 10:56:18.139 [INFO] [IOC_Hardware] [COMPLETE] Sequence completed successfully. New ShotNumber: 6
2026-10-01 10:56:22.104 [INFO] [IOC_Hardware] Starting DAQ Sequence...
2026-10-01 10:56:22.106 [INFO] [IOC_Hardware] [ARMED] Pre-allocating zero-copy RAM buffers...
2026-10-01 10:56:22.614 [INFO] [IOC_Hardware] [ACQUIRING] Pulse trigger & frame capture (DG645: REAL, Camera: SIMULATED)...
2026-10-01 10:56:23.617 [INFO] [IOC_Hardware] [SAVING] Persisting data for file 'exp_run' shot #6...
2026-10-01 10:56:24.130 [INFO] [IOC_Hardware] [COMPLETE] Sequence completed successfully. New ShotNumber: 7
